// Jest Snapshot v1, https://goo.gl/fbAQLP

exports[`Root File Test should take a snapshot 1`] = `<DocumentFragment />`;
